{
    "installed": [
        {
            "name": "mareknocon/composer-stability-patterns",
            "direct-dependency": true,
            "homepage": null,
            "source": null,
            "version": "dev-main",
            "description": "Specify Composer's minimum stability using patterns",
            "abandoned": false
        },
        {
            "name": "mareknocon/direct-dependency",
            "direct-dependency": true,
            "homepage": null,
            "source": null,
            "version": "dev-main",
            "description": null,
            "abandoned": false
        },
        {
            "name": "mareknocon/indirect-dependency",
            "direct-dependency": false,
            "homepage": null,
            "source": null,
            "version": "dev-main",
            "description": null,
            "abandoned": false
        },
        {
            "name": "mareknocon/second-level-indirect-dependency",
            "direct-dependency": false,
            "homepage": null,
            "source": null,
            "version": "dev-main",
            "description": null,
            "abandoned": false
        }
    ]
}
